exports[`Heart renders correctly 1`] = `
<span
  className="sc-bdVaJa fOUEGf"
  onClick={[Function]}>
  â™¡
</span>
`;
